// Jest Snapshot v1, https://goo.gl/fbAQLP

exports[`<TodoList/> should render without crashing 1`] = `
<div>
  <div
    data-testid="todo-list"
  >
    This is a Todo List
  </div>
</div>
`;
