// Jest Snapshot v1, https://goo.gl/fbAQLP

exports[`<Home/> should render without crashing 1`] = `
<div>
  <div
    data-testid="home"
  >
    This is a Home Page
  </div>
</div>
`;
