// Jest Snapshot v1, https://goo.gl/fbAQLP

exports[`<Todo/> should render without crashing 1`] = `
<div>
  <div
    data-testid="todo"
  >
    This is a todo component with ID :
    3
  </div>
</div>
`;
