// Jest Snapshot v1, https://goo.gl/fbAQLP

exports[`<App /> renders without crashing 1`] = `
<div>
  <header
    data-testid="header"
  >
    <h1>
      My Project
    </h1>
    <nav
      data-testid="navigation"
      role="navigation"
    >
      <ul>
        <li>
          <a
            href="/"
          >
            Home
          </a>
        </li>
        <li>
          <a
            href="/todos"
          >
            Todos
          </a>
        </li>
      </ul>
    </nav>
  </header>
  <main
    data-testid="main"
    role="main"
  >
    <div
      data-testid="home"
    >
      This is a Home Page
    </div>
  </main>
</div>
`;
